[0.604s] DEBUG:colcon:Command line arguments: ['/usr/bin/colcon', 'build', '--packages-select', 'ROS2_wear']
[0.605s] DEBUG:colcon:Parsed command line arguments: Namespace(log_base=None, log_level=None, verb_name='build', build_base='build', install_base='install', merge_install=False, symlink_install=False, test_result_base=None, continue_on_error=False, executor='parallel', parallel_workers=8, event_handlers=None, ignore_user_meta=False, metas=['./colcon.meta'], base_paths=['.'], packages_ignore=None, packages_ignore_regex=None, paths=None, packages_up_to=None, packages_up_to_regex=None, packages_above=None, packages_above_and_dependencies=None, packages_above_depth=None, packages_select_by_dep=None, packages_skip_by_dep=None, packages_skip_up_to=None, packages_select_build_failed=False, packages_skip_build_finished=False, packages_select_test_failures=False, packages_skip_test_passed=False, packages_select=['ROS2_wear'], packages_skip=None, packages_select_regex=None, packages_skip_regex=None, packages_start=None, packages_end=None, allow_overriding=[], cmake_args=None, cmake_target=None, cmake_target_skip_unavailable=False, cmake_clean_cache=False, cmake_clean_first=False, cmake_force_configure=False, ament_cmake_args=None, catkin_cmake_args=None, catkin_skip_building_tests=False, verb_parser=<colcon_defaults.argument_parser.defaults.DefaultArgumentsDecorator object at 0x7108bff2af20>, verb_extension=<colcon_core.verb.build.BuildVerb object at 0x7108c0074310>, main=<bound method BuildVerb.main of <colcon_core.verb.build.BuildVerb object at 0x7108c0074310>>)
[1.223s] Level 1:colcon.colcon_core.package_discovery:discover_packages(colcon_meta) check parameters
[1.223s] Level 1:colcon.colcon_core.package_discovery:discover_packages(recursive) check parameters
[1.223s] Level 1:colcon.colcon_core.package_discovery:discover_packages(ignore) check parameters
[1.223s] Level 1:colcon.colcon_core.package_discovery:discover_packages(path) check parameters
[1.223s] Level 1:colcon.colcon_core.package_discovery:discover_packages(colcon_meta) discover
[1.223s] Level 1:colcon.colcon_core.package_discovery:discover_packages(recursive) discover
[1.223s] INFO:colcon.colcon_core.package_discovery:Crawling recursively for packages in '/home/yuxuan/ros2_ws/src/ROS2_wear'
[1.223s] Level 1:colcon.colcon_core.package_identification:_identify(.) by extensions ['ignore', 'ignore_ament_install']
[1.224s] Level 1:colcon.colcon_core.package_identification:_identify(.) by extension 'ignore'
[1.224s] Level 1:colcon.colcon_core.package_identification:_identify(.) by extension 'ignore_ament_install'
[1.224s] Level 1:colcon.colcon_core.package_identification:_identify(.) by extensions ['colcon_pkg']
[1.224s] Level 1:colcon.colcon_core.package_identification:_identify(.) by extension 'colcon_pkg'
[1.224s] Level 1:colcon.colcon_core.package_identification:_identify(.) by extensions ['colcon_meta']
[1.224s] Level 1:colcon.colcon_core.package_identification:_identify(.) by extension 'colcon_meta'
[1.224s] Level 1:colcon.colcon_core.package_identification:_identify(.) by extensions ['ros']
[1.224s] Level 1:colcon.colcon_core.package_identification:_identify(.) by extension 'ros'
[1.275s] DEBUG:colcon.colcon_core.package_identification:Package '.' with type 'ros.ament_python' and name 'ROS2_wear'
[1.275s] Level 1:colcon.colcon_core.package_discovery:discover_packages(recursive) using defaults
[1.275s] Level 1:colcon.colcon_core.package_discovery:discover_packages(ignore) discover
[1.275s] Level 1:colcon.colcon_core.package_discovery:discover_packages(ignore) using defaults
[1.275s] Level 1:colcon.colcon_core.package_discovery:discover_packages(path) discover
[1.275s] Level 1:colcon.colcon_core.package_discovery:discover_packages(path) using defaults
[1.343s] Level 1:colcon.colcon_core.package_discovery:discover_packages(prefix_path) check parameters
[1.344s] Level 1:colcon.colcon_core.package_discovery:discover_packages(prefix_path) discover
[1.348s] WARNING:colcon.colcon_ros.prefix_path.ament:The path '/home/yuxuan/ros2_ws/install/person_msgs' in the environment variable AMENT_PREFIX_PATH doesn't exist
[1.349s] WARNING:colcon.colcon_ros.prefix_path.ament:The path '/home/yuxuan/ros2_ws/install/mypkg' in the environment variable AMENT_PREFIX_PATH doesn't exist
[1.351s] WARNING:colcon.colcon_ros.prefix_path.catkin:The path '/home/yuxuan/ros2_ws/install/person_msgs' in the environment variable CMAKE_PREFIX_PATH doesn't exist
[1.355s] DEBUG:colcon.colcon_installed_package_information.package_discovery:Found 1 installed packages in /home/yuxuan/ros2_ws/install
[1.358s] DEBUG:colcon.colcon_installed_package_information.package_discovery:Found 271 installed packages in /opt/ros/humble
[1.362s] Level 1:colcon.colcon_core.package_discovery:discover_packages(prefix_path) using defaults
[1.450s] Level 5:colcon.colcon_core.verb:set package 'ROS2_wear' build argument 'cmake_args' from command line to 'None'
[1.450s] Level 5:colcon.colcon_core.verb:set package 'ROS2_wear' build argument 'cmake_target' from command line to 'None'
[1.450s] Level 5:colcon.colcon_core.verb:set package 'ROS2_wear' build argument 'cmake_target_skip_unavailable' from command line to 'False'
[1.450s] Level 5:colcon.colcon_core.verb:set package 'ROS2_wear' build argument 'cmake_clean_cache' from command line to 'False'
[1.450s] Level 5:colcon.colcon_core.verb:set package 'ROS2_wear' build argument 'cmake_clean_first' from command line to 'False'
[1.450s] Level 5:colcon.colcon_core.verb:set package 'ROS2_wear' build argument 'cmake_force_configure' from command line to 'False'
[1.450s] Level 5:colcon.colcon_core.verb:set package 'ROS2_wear' build argument 'ament_cmake_args' from command line to 'None'
[1.450s] Level 5:colcon.colcon_core.verb:set package 'ROS2_wear' build argument 'catkin_cmake_args' from command line to 'None'
[1.450s] Level 5:colcon.colcon_core.verb:set package 'ROS2_wear' build argument 'catkin_skip_building_tests' from command line to 'False'
[1.451s] DEBUG:colcon.colcon_core.verb:Building package 'ROS2_wear' with the following arguments: {'ament_cmake_args': None, 'build_base': '/home/yuxuan/ros2_ws/src/ROS2_wear/build/ROS2_wear', 'catkin_cmake_args': None, 'catkin_skip_building_tests': False, 'cmake_args': None, 'cmake_clean_cache': False, 'cmake_clean_first': False, 'cmake_force_configure': False, 'cmake_target': None, 'cmake_target_skip_unavailable': False, 'install_base': '/home/yuxuan/ros2_ws/src/ROS2_wear/install/ROS2_wear', 'merge_install': False, 'path': '/home/yuxuan/ros2_ws/src/ROS2_wear', 'symlink_install': False, 'test_result_base': None}
[1.451s] INFO:colcon.colcon_core.executor:Executing jobs using 'parallel' executor
[1.453s] DEBUG:colcon.colcon_parallel_executor.executor.parallel:run_until_complete
[1.455s] INFO:colcon.colcon_ros.task.ament_python.build:Building ROS package in '/home/yuxuan/ros2_ws/src/ROS2_wear' with build type 'ament_python'
[1.456s] Level 1:colcon.colcon_core.shell:create_environment_hook('ROS2_wear', 'ament_prefix_path')
[1.467s] INFO:colcon.colcon_core.plugin_system:Skipping extension 'colcon_core.shell.bat': Not used on non-Windows systems
[1.467s] INFO:colcon.colcon_core.shell:Creating environment hook '/home/yuxuan/ros2_ws/src/ROS2_wear/install/ROS2_wear/share/ROS2_wear/hook/ament_prefix_path.ps1'
[1.474s] INFO:colcon.colcon_core.shell:Creating environment descriptor '/home/yuxuan/ros2_ws/src/ROS2_wear/install/ROS2_wear/share/ROS2_wear/hook/ament_prefix_path.dsv'
[1.475s] INFO:colcon.colcon_core.shell:Creating environment hook '/home/yuxuan/ros2_ws/src/ROS2_wear/install/ROS2_wear/share/ROS2_wear/hook/ament_prefix_path.sh'
[1.478s] INFO:colcon.colcon_core.shell:Skip shell extension 'powershell' for command environment: Not usable outside of PowerShell
[1.479s] DEBUG:colcon.colcon_core.shell:Skip shell extension 'dsv' for command environment
[1.911s] INFO:colcon.colcon_core.task.python.build:Building Python package in '/home/yuxuan/ros2_ws/src/ROS2_wear'
[1.911s] INFO:colcon.colcon_core.shell:Skip shell extension 'powershell' for command environment: Not usable outside of PowerShell
[1.911s] DEBUG:colcon.colcon_core.shell:Skip shell extension 'dsv' for command environment
[2.602s] DEBUG:colcon.colcon_core.event_handler.log_command:Invoking command in '/home/yuxuan/ros2_ws/src/ROS2_wear': PYTHONPATH=/home/yuxuan/ros2_ws/src/ROS2_wear/build/ROS2_wear/prefix_override:/usr/lib/python3/dist-packages/colcon_core/task/python/colcon_distutils_commands:/home/yuxuan/ros2_ws/src/ROS2_wear/install/ROS2_wear/lib/python3.10/site-packages:${PYTHONPATH} /usr/bin/python3 -W ignore:setup.py install is deprecated -W ignore:easy_install command is deprecated setup.py egg_info --egg-base build/ROS2_wear build --build-base /home/yuxuan/ros2_ws/src/ROS2_wear/build/ROS2_wear/build install --record /home/yuxuan/ros2_ws/src/ROS2_wear/build/ROS2_wear/install.log --single-version-externally-managed install_data
[3.116s] DEBUG:colcon.colcon_core.event_handler.log_command:Invoked command in '/home/yuxuan/ros2_ws/src/ROS2_wear' returned '0': PYTHONPATH=/home/yuxuan/ros2_ws/src/ROS2_wear/build/ROS2_wear/prefix_override:/usr/lib/python3/dist-packages/colcon_core/task/python/colcon_distutils_commands:/home/yuxuan/ros2_ws/src/ROS2_wear/install/ROS2_wear/lib/python3.10/site-packages:${PYTHONPATH} /usr/bin/python3 -W ignore:setup.py install is deprecated -W ignore:easy_install command is deprecated setup.py egg_info --egg-base build/ROS2_wear build --build-base /home/yuxuan/ros2_ws/src/ROS2_wear/build/ROS2_wear/build install --record /home/yuxuan/ros2_ws/src/ROS2_wear/build/ROS2_wear/install.log --single-version-externally-managed install_data
[3.129s] Level 1:colcon.colcon_core.environment:checking '/home/yuxuan/ros2_ws/src/ROS2_wear/install/ROS2_wear' for CMake module files
[3.129s] Level 1:colcon.colcon_core.environment:checking '/home/yuxuan/ros2_ws/src/ROS2_wear/install/ROS2_wear' for CMake config files
[3.130s] Level 1:colcon.colcon_core.environment:checking '/home/yuxuan/ros2_ws/src/ROS2_wear/install/ROS2_wear/lib'
[3.131s] Level 1:colcon.colcon_core.environment:checking '/home/yuxuan/ros2_ws/src/ROS2_wear/install/ROS2_wear/bin'
[3.131s] Level 1:colcon.colcon_core.environment:checking '/home/yuxuan/ros2_ws/src/ROS2_wear/install/ROS2_wear/lib/pkgconfig/ROS2_wear.pc'
[3.131s] Level 1:colcon.colcon_core.environment:checking '/home/yuxuan/ros2_ws/src/ROS2_wear/install/ROS2_wear/lib/python3.10/site-packages'
[3.131s] Level 1:colcon.colcon_core.shell:create_environment_hook('ROS2_wear', 'pythonpath')
[3.132s] INFO:colcon.colcon_core.shell:Creating environment hook '/home/yuxuan/ros2_ws/src/ROS2_wear/install/ROS2_wear/share/ROS2_wear/hook/pythonpath.ps1'
[3.132s] INFO:colcon.colcon_core.shell:Creating environment descriptor '/home/yuxuan/ros2_ws/src/ROS2_wear/install/ROS2_wear/share/ROS2_wear/hook/pythonpath.dsv'
[3.133s] INFO:colcon.colcon_core.shell:Creating environment hook '/home/yuxuan/ros2_ws/src/ROS2_wear/install/ROS2_wear/share/ROS2_wear/hook/pythonpath.sh'
[3.134s] Level 1:colcon.colcon_core.environment:checking '/home/yuxuan/ros2_ws/src/ROS2_wear/install/ROS2_wear/bin'
[3.134s] Level 1:colcon.colcon_core.environment:create_environment_scripts_only(ROS2_wear)
[3.135s] INFO:colcon.colcon_core.shell:Creating package script '/home/yuxuan/ros2_ws/src/ROS2_wear/install/ROS2_wear/share/ROS2_wear/package.ps1'
[3.137s] INFO:colcon.colcon_core.shell:Creating package descriptor '/home/yuxuan/ros2_ws/src/ROS2_wear/install/ROS2_wear/share/ROS2_wear/package.dsv'
[3.140s] INFO:colcon.colcon_core.shell:Creating package script '/home/yuxuan/ros2_ws/src/ROS2_wear/install/ROS2_wear/share/ROS2_wear/package.sh'
[3.143s] INFO:colcon.colcon_core.shell:Creating package script '/home/yuxuan/ros2_ws/src/ROS2_wear/install/ROS2_wear/share/ROS2_wear/package.bash'
[3.145s] INFO:colcon.colcon_core.shell:Creating package script '/home/yuxuan/ros2_ws/src/ROS2_wear/install/ROS2_wear/share/ROS2_wear/package.zsh'
[3.147s] Level 1:colcon.colcon_core.environment:create_file_with_runtime_dependencies(/home/yuxuan/ros2_ws/src/ROS2_wear/install/ROS2_wear/share/colcon-core/packages/ROS2_wear)
[3.150s] DEBUG:colcon.colcon_parallel_executor.executor.parallel:closing loop
[3.151s] DEBUG:colcon.colcon_parallel_executor.executor.parallel:loop closed
[3.151s] DEBUG:colcon.colcon_parallel_executor.executor.parallel:run_until_complete finished with '0'
[3.152s] DEBUG:colcon.colcon_core.event_reactor:joining thread
[3.215s] INFO:colcon.colcon_core.plugin_system:Skipping extension 'colcon_notification.desktop_notification.notify_send': Could not find 'notify-send'
[3.216s] INFO:colcon.colcon_core.plugin_system:Skipping extension 'colcon_notification.desktop_notification.terminal_notifier': Not used on non-Darwin systems
[3.216s] INFO:colcon.colcon_core.plugin_system:Skipping extension 'colcon_notification.desktop_notification.win32': Not used on non-Windows systems
[3.216s] INFO:colcon.colcon_notification.desktop_notification:Sending desktop notification using 'notify2'
[3.218s] DEBUG:colcon.colcon_notification.desktop_notification.notify2:Failed to initialize notify2: org.freedesktop.DBus.Error.FileNotFound: Failed to connect to socket /run/user/1000/bus: No such file or directory
[3.218s] DEBUG:colcon.colcon_core.event_reactor:joined thread
[3.219s] INFO:colcon.colcon_core.shell:Creating prefix script '/home/yuxuan/ros2_ws/src/ROS2_wear/install/local_setup.ps1'
[3.221s] INFO:colcon.colcon_core.shell:Creating prefix util module '/home/yuxuan/ros2_ws/src/ROS2_wear/install/_local_setup_util_ps1.py'
[3.224s] INFO:colcon.colcon_core.shell:Creating prefix chain script '/home/yuxuan/ros2_ws/src/ROS2_wear/install/setup.ps1'
[3.227s] INFO:colcon.colcon_core.shell:Creating prefix script '/home/yuxuan/ros2_ws/src/ROS2_wear/install/local_setup.sh'
[3.229s] INFO:colcon.colcon_core.shell:Creating prefix util module '/home/yuxuan/ros2_ws/src/ROS2_wear/install/_local_setup_util_sh.py'
[3.230s] INFO:colcon.colcon_core.shell:Creating prefix chain script '/home/yuxuan/ros2_ws/src/ROS2_wear/install/setup.sh'
[3.233s] INFO:colcon.colcon_core.shell:Creating prefix script '/home/yuxuan/ros2_ws/src/ROS2_wear/install/local_setup.bash'
[3.234s] INFO:colcon.colcon_core.shell:Creating prefix chain script '/home/yuxuan/ros2_ws/src/ROS2_wear/install/setup.bash'
[3.237s] INFO:colcon.colcon_core.shell:Creating prefix script '/home/yuxuan/ros2_ws/src/ROS2_wear/install/local_setup.zsh'
[3.238s] INFO:colcon.colcon_core.shell:Creating prefix chain script '/home/yuxuan/ros2_ws/src/ROS2_wear/install/setup.zsh'
