/home/yuxuan/ros2_ws/src/ROS2_wear/install/ROS2_wear/lib/python3.10/site-packages/ROS2_wear/outfit_rules.py
/home/yuxuan/ros2_ws/src/ROS2_wear/install/ROS2_wear/lib/python3.10/site-packages/ROS2_wear/outfit_suggester.py
/home/yuxuan/ros2_ws/src/ROS2_wear/install/ROS2_wear/lib/python3.10/site-packages/ROS2_wear/__init__.py
/home/yuxuan/ros2_ws/src/ROS2_wear/install/ROS2_wear/lib/python3.10/site-packages/ROS2_wear/temp_cli.py
/home/yuxuan/ros2_ws/src/ROS2_wear/install/ROS2_wear/lib/python3.10/site-packages/ROS2_wear/__pycache__/outfit_rules.cpython-310.pyc
/home/yuxuan/ros2_ws/src/ROS2_wear/install/ROS2_wear/lib/python3.10/site-packages/ROS2_wear/__pycache__/outfit_suggester.cpython-310.pyc
/home/yuxuan/ros2_ws/src/ROS2_wear/install/ROS2_wear/lib/python3.10/site-packages/ROS2_wear/__pycache__/__init__.cpython-310.pyc
/home/yuxuan/ros2_ws/src/ROS2_wear/install/ROS2_wear/lib/python3.10/site-packages/ROS2_wear/__pycache__/temp_cli.cpython-310.pyc
/home/yuxuan/ros2_ws/src/ROS2_wear/install/ROS2_wear/share/ament_index/resource_index/packages/ROS2_wear
/home/yuxuan/ros2_ws/src/ROS2_wear/install/ROS2_wear/share/ROS2_wear/package.xml
/home/yuxuan/ros2_ws/src/ROS2_wear/install/ROS2_wear/share/ROS2_wear/launch/bringup.launch.py
/home/yuxuan/ros2_ws/src/ROS2_wear/install/ROS2_wear/lib/python3.10/site-packages/ROS2_wear-0.0.0-py3.10.egg-info/dependency_links.txt
/home/yuxuan/ros2_ws/src/ROS2_wear/install/ROS2_wear/lib/python3.10/site-packages/ROS2_wear-0.0.0-py3.10.egg-info/entry_points.txt
/home/yuxuan/ros2_ws/src/ROS2_wear/install/ROS2_wear/lib/python3.10/site-packages/ROS2_wear-0.0.0-py3.10.egg-info/top_level.txt
/home/yuxuan/ros2_ws/src/ROS2_wear/install/ROS2_wear/lib/python3.10/site-packages/ROS2_wear-0.0.0-py3.10.egg-info/PKG-INFO
/home/yuxuan/ros2_ws/src/ROS2_wear/install/ROS2_wear/lib/python3.10/site-packages/ROS2_wear-0.0.0-py3.10.egg-info/zip-safe
/home/yuxuan/ros2_ws/src/ROS2_wear/install/ROS2_wear/lib/python3.10/site-packages/ROS2_wear-0.0.0-py3.10.egg-info/requires.txt
/home/yuxuan/ros2_ws/src/ROS2_wear/install/ROS2_wear/lib/python3.10/site-packages/ROS2_wear-0.0.0-py3.10.egg-info/SOURCES.txt
/home/yuxuan/ros2_ws/src/ROS2_wear/install/ROS2_wear/lib/ROS2_wear/outfit_suggester
/home/yuxuan/ros2_ws/src/ROS2_wear/install/ROS2_wear/lib/ROS2_wear/temp_cli
