[0.602s] DEBUG:colcon:Command line arguments: ['/usr/bin/colcon', 'build', '--packages-select', 'ROS2_wear']
[0.603s] DEBUG:colcon:Parsed command line arguments: Namespace(log_base=None, log_level=None, verb_name='build', build_base='build', install_base='install', merge_install=False, symlink_install=False, test_result_base=None, continue_on_error=False, executor='parallel', parallel_workers=8, event_handlers=None, ignore_user_meta=False, metas=['./colcon.meta'], base_paths=['.'], packages_ignore=None, packages_ignore_regex=None, paths=None, packages_up_to=None, packages_up_to_regex=None, packages_above=None, packages_above_and_dependencies=None, packages_above_depth=None, packages_select_by_dep=None, packages_skip_by_dep=None, packages_skip_up_to=None, packages_select_build_failed=False, packages_skip_build_finished=False, packages_select_test_failures=False, packages_skip_test_passed=False, packages_select=['ROS2_wear'], packages_skip=None, packages_select_regex=None, packages_skip_regex=None, packages_start=None, packages_end=None, allow_overriding=[], cmake_args=None, cmake_target=None, cmake_target_skip_unavailable=False, cmake_clean_cache=False, cmake_clean_first=False, cmake_force_configure=False, ament_cmake_args=None, catkin_cmake_args=None, catkin_skip_building_tests=False, verb_parser=<colcon_defaults.argument_parser.defaults.DefaultArgumentsDecorator object at 0x787c4d627400>, verb_extension=<colcon_core.verb.build.BuildVerb object at 0x787c4d7707f0>, main=<bound method BuildVerb.main of <colcon_core.verb.build.BuildVerb object at 0x787c4d7707f0>>)
[1.263s] Level 1:colcon.colcon_core.package_discovery:discover_packages(colcon_meta) check parameters
[1.263s] Level 1:colcon.colcon_core.package_discovery:discover_packages(recursive) check parameters
[1.263s] Level 1:colcon.colcon_core.package_discovery:discover_packages(ignore) check parameters
[1.263s] Level 1:colcon.colcon_core.package_discovery:discover_packages(path) check parameters
[1.263s] Level 1:colcon.colcon_core.package_discovery:discover_packages(colcon_meta) discover
[1.263s] Level 1:colcon.colcon_core.package_discovery:discover_packages(recursive) discover
[1.263s] INFO:colcon.colcon_core.package_discovery:Crawling recursively for packages in '/home/yuxuan/ros2_ws/src/ROS2_wear'
[1.263s] Level 1:colcon.colcon_core.package_identification:_identify(.) by extensions ['ignore', 'ignore_ament_install']
[1.264s] Level 1:colcon.colcon_core.package_identification:_identify(.) by extension 'ignore'
[1.264s] Level 1:colcon.colcon_core.package_identification:_identify(.) by extension 'ignore_ament_install'
[1.264s] Level 1:colcon.colcon_core.package_identification:_identify(.) by extensions ['colcon_pkg']
[1.264s] Level 1:colcon.colcon_core.package_identification:_identify(.) by extension 'colcon_pkg'
[1.264s] Level 1:colcon.colcon_core.package_identification:_identify(.) by extensions ['colcon_meta']
[1.264s] Level 1:colcon.colcon_core.package_identification:_identify(.) by extension 'colcon_meta'
[1.264s] Level 1:colcon.colcon_core.package_identification:_identify(.) by extensions ['ros']
[1.264s] Level 1:colcon.colcon_core.package_identification:_identify(.) by extension 'ros'
[1.312s] DEBUG:colcon.colcon_core.package_identification:Package '.' with type 'ros.ament_python' and name 'ROS2_wear'
[1.312s] Level 1:colcon.colcon_core.package_discovery:discover_packages(recursive) using defaults
[1.312s] Level 1:colcon.colcon_core.package_discovery:discover_packages(ignore) discover
[1.312s] Level 1:colcon.colcon_core.package_discovery:discover_packages(ignore) using defaults
[1.312s] Level 1:colcon.colcon_core.package_discovery:discover_packages(path) discover
[1.312s] Level 1:colcon.colcon_core.package_discovery:discover_packages(path) using defaults
[1.384s] Level 1:colcon.colcon_core.package_discovery:discover_packages(prefix_path) check parameters
[1.384s] Level 1:colcon.colcon_core.package_discovery:discover_packages(prefix_path) discover
[1.398s] DEBUG:colcon.colcon_installed_package_information.package_discovery:Found 3 installed packages in /home/yuxuan/ros2_ws/install
[1.400s] DEBUG:colcon.colcon_installed_package_information.package_discovery:Found 271 installed packages in /opt/ros/humble
[1.402s] Level 1:colcon.colcon_core.package_discovery:discover_packages(prefix_path) using defaults
[1.494s] Level 5:colcon.colcon_core.verb:set package 'ROS2_wear' build argument 'cmake_args' from command line to 'None'
[1.494s] Level 5:colcon.colcon_core.verb:set package 'ROS2_wear' build argument 'cmake_target' from command line to 'None'
[1.494s] Level 5:colcon.colcon_core.verb:set package 'ROS2_wear' build argument 'cmake_target_skip_unavailable' from command line to 'False'
[1.494s] Level 5:colcon.colcon_core.verb:set package 'ROS2_wear' build argument 'cmake_clean_cache' from command line to 'False'
[1.494s] Level 5:colcon.colcon_core.verb:set package 'ROS2_wear' build argument 'cmake_clean_first' from command line to 'False'
[1.495s] Level 5:colcon.colcon_core.verb:set package 'ROS2_wear' build argument 'cmake_force_configure' from command line to 'False'
[1.495s] Level 5:colcon.colcon_core.verb:set package 'ROS2_wear' build argument 'ament_cmake_args' from command line to 'None'
[1.495s] Level 5:colcon.colcon_core.verb:set package 'ROS2_wear' build argument 'catkin_cmake_args' from command line to 'None'
[1.495s] Level 5:colcon.colcon_core.verb:set package 'ROS2_wear' build argument 'catkin_skip_building_tests' from command line to 'False'
[1.495s] DEBUG:colcon.colcon_core.verb:Building package 'ROS2_wear' with the following arguments: {'ament_cmake_args': None, 'build_base': '/home/yuxuan/ros2_ws/src/ROS2_wear/build/ROS2_wear', 'catkin_cmake_args': None, 'catkin_skip_building_tests': False, 'cmake_args': None, 'cmake_clean_cache': False, 'cmake_clean_first': False, 'cmake_force_configure': False, 'cmake_target': None, 'cmake_target_skip_unavailable': False, 'install_base': '/home/yuxuan/ros2_ws/src/ROS2_wear/install/ROS2_wear', 'merge_install': False, 'path': '/home/yuxuan/ros2_ws/src/ROS2_wear', 'symlink_install': False, 'test_result_base': None}
[1.495s] INFO:colcon.colcon_core.executor:Executing jobs using 'parallel' executor
[1.498s] DEBUG:colcon.colcon_parallel_executor.executor.parallel:run_until_complete
[1.500s] INFO:colcon.colcon_ros.task.ament_python.build:Building ROS package in '/home/yuxuan/ros2_ws/src/ROS2_wear' with build type 'ament_python'
[1.500s] Level 1:colcon.colcon_core.shell:create_environment_hook('ROS2_wear', 'ament_prefix_path')
[1.513s] INFO:colcon.colcon_core.plugin_system:Skipping extension 'colcon_core.shell.bat': Not used on non-Windows systems
[1.513s] INFO:colcon.colcon_core.shell:Creating environment hook '/home/yuxuan/ros2_ws/src/ROS2_wear/install/ROS2_wear/share/ROS2_wear/hook/ament_prefix_path.ps1'
[1.521s] INFO:colcon.colcon_core.shell:Creating environment descriptor '/home/yuxuan/ros2_ws/src/ROS2_wear/install/ROS2_wear/share/ROS2_wear/hook/ament_prefix_path.dsv'
[1.523s] INFO:colcon.colcon_core.shell:Creating environment hook '/home/yuxuan/ros2_ws/src/ROS2_wear/install/ROS2_wear/share/ROS2_wear/hook/ament_prefix_path.sh'
[1.525s] INFO:colcon.colcon_core.shell:Skip shell extension 'powershell' for command environment: Not usable outside of PowerShell
[1.525s] DEBUG:colcon.colcon_core.shell:Skip shell extension 'dsv' for command environment
[2.016s] INFO:colcon.colcon_core.task.python.build:Building Python package in '/home/yuxuan/ros2_ws/src/ROS2_wear'
[2.017s] INFO:colcon.colcon_core.shell:Skip shell extension 'powershell' for command environment: Not usable outside of PowerShell
[2.017s] DEBUG:colcon.colcon_core.shell:Skip shell extension 'dsv' for command environment
[2.771s] DEBUG:colcon.colcon_core.event_handler.log_command:Invoking command in '/home/yuxuan/ros2_ws/src/ROS2_wear': PYTHONPATH=/home/yuxuan/ros2_ws/src/ROS2_wear/build/ROS2_wear/prefix_override:/usr/lib/python3/dist-packages/colcon_core/task/python/colcon_distutils_commands:/home/yuxuan/ros2_ws/src/ROS2_wear/install/ROS2_wear/lib/python3.10/site-packages:${PYTHONPATH} /usr/bin/python3 -W ignore:setup.py install is deprecated -W ignore:easy_install command is deprecated setup.py egg_info --egg-base build/ROS2_wear build --build-base /home/yuxuan/ros2_ws/src/ROS2_wear/build/ROS2_wear/build install --record /home/yuxuan/ros2_ws/src/ROS2_wear/build/ROS2_wear/install.log --single-version-externally-managed install_data
[3.288s] DEBUG:colcon.colcon_core.event_handler.log_command:Invoked command in '/home/yuxuan/ros2_ws/src/ROS2_wear' returned '0': PYTHONPATH=/home/yuxuan/ros2_ws/src/ROS2_wear/build/ROS2_wear/prefix_override:/usr/lib/python3/dist-packages/colcon_core/task/python/colcon_distutils_commands:/home/yuxuan/ros2_ws/src/ROS2_wear/install/ROS2_wear/lib/python3.10/site-packages:${PYTHONPATH} /usr/bin/python3 -W ignore:setup.py install is deprecated -W ignore:easy_install command is deprecated setup.py egg_info --egg-base build/ROS2_wear build --build-base /home/yuxuan/ros2_ws/src/ROS2_wear/build/ROS2_wear/build install --record /home/yuxuan/ros2_ws/src/ROS2_wear/build/ROS2_wear/install.log --single-version-externally-managed install_data
[3.304s] Level 1:colcon.colcon_core.environment:checking '/home/yuxuan/ros2_ws/src/ROS2_wear/install/ROS2_wear' for CMake module files
[3.306s] Level 1:colcon.colcon_core.environment:checking '/home/yuxuan/ros2_ws/src/ROS2_wear/install/ROS2_wear' for CMake config files
[3.307s] Level 1:colcon.colcon_core.environment:checking '/home/yuxuan/ros2_ws/src/ROS2_wear/install/ROS2_wear/lib'
[3.308s] Level 1:colcon.colcon_core.environment:checking '/home/yuxuan/ros2_ws/src/ROS2_wear/install/ROS2_wear/bin'
[3.308s] Level 1:colcon.colcon_core.environment:checking '/home/yuxuan/ros2_ws/src/ROS2_wear/install/ROS2_wear/lib/pkgconfig/ROS2_wear.pc'
[3.308s] Level 1:colcon.colcon_core.environment:checking '/home/yuxuan/ros2_ws/src/ROS2_wear/install/ROS2_wear/lib/python3.10/site-packages'
[3.308s] Level 1:colcon.colcon_core.shell:create_environment_hook('ROS2_wear', 'pythonpath')
[3.309s] INFO:colcon.colcon_core.shell:Creating environment hook '/home/yuxuan/ros2_ws/src/ROS2_wear/install/ROS2_wear/share/ROS2_wear/hook/pythonpath.ps1'
[3.310s] INFO:colcon.colcon_core.shell:Creating environment descriptor '/home/yuxuan/ros2_ws/src/ROS2_wear/install/ROS2_wear/share/ROS2_wear/hook/pythonpath.dsv'
[3.312s] INFO:colcon.colcon_core.shell:Creating environment hook '/home/yuxuan/ros2_ws/src/ROS2_wear/install/ROS2_wear/share/ROS2_wear/hook/pythonpath.sh'
[3.314s] Level 1:colcon.colcon_core.environment:checking '/home/yuxuan/ros2_ws/src/ROS2_wear/install/ROS2_wear/bin'
[3.315s] Level 1:colcon.colcon_core.environment:create_environment_scripts_only(ROS2_wear)
[3.315s] INFO:colcon.colcon_core.shell:Creating package script '/home/yuxuan/ros2_ws/src/ROS2_wear/install/ROS2_wear/share/ROS2_wear/package.ps1'
[3.318s] INFO:colcon.colcon_core.shell:Creating package descriptor '/home/yuxuan/ros2_ws/src/ROS2_wear/install/ROS2_wear/share/ROS2_wear/package.dsv'
[3.320s] INFO:colcon.colcon_core.shell:Creating package script '/home/yuxuan/ros2_ws/src/ROS2_wear/install/ROS2_wear/share/ROS2_wear/package.sh'
[3.322s] INFO:colcon.colcon_core.shell:Creating package script '/home/yuxuan/ros2_ws/src/ROS2_wear/install/ROS2_wear/share/ROS2_wear/package.bash'
[3.324s] INFO:colcon.colcon_core.shell:Creating package script '/home/yuxuan/ros2_ws/src/ROS2_wear/install/ROS2_wear/share/ROS2_wear/package.zsh'
[3.327s] Level 1:colcon.colcon_core.environment:create_file_with_runtime_dependencies(/home/yuxuan/ros2_ws/src/ROS2_wear/install/ROS2_wear/share/colcon-core/packages/ROS2_wear)
[3.331s] DEBUG:colcon.colcon_parallel_executor.executor.parallel:closing loop
[3.332s] DEBUG:colcon.colcon_parallel_executor.executor.parallel:loop closed
[3.332s] DEBUG:colcon.colcon_parallel_executor.executor.parallel:run_until_complete finished with '0'
[3.333s] DEBUG:colcon.colcon_core.event_reactor:joining thread
[3.406s] INFO:colcon.colcon_core.plugin_system:Skipping extension 'colcon_notification.desktop_notification.notify_send': Could not find 'notify-send'
[3.406s] INFO:colcon.colcon_core.plugin_system:Skipping extension 'colcon_notification.desktop_notification.terminal_notifier': Not used on non-Darwin systems
[3.406s] INFO:colcon.colcon_core.plugin_system:Skipping extension 'colcon_notification.desktop_notification.win32': Not used on non-Windows systems
[3.406s] INFO:colcon.colcon_notification.desktop_notification:Sending desktop notification using 'notify2'
[3.408s] DEBUG:colcon.colcon_notification.desktop_notification.notify2:Failed to initialize notify2: org.freedesktop.DBus.Error.FileNotFound: Failed to connect to socket /run/user/1000/bus: No such file or directory
[3.408s] DEBUG:colcon.colcon_core.event_reactor:joined thread
[3.409s] INFO:colcon.colcon_core.shell:Creating prefix script '/home/yuxuan/ros2_ws/src/ROS2_wear/install/local_setup.ps1'
[3.412s] INFO:colcon.colcon_core.shell:Creating prefix util module '/home/yuxuan/ros2_ws/src/ROS2_wear/install/_local_setup_util_ps1.py'
[3.415s] INFO:colcon.colcon_core.shell:Creating prefix chain script '/home/yuxuan/ros2_ws/src/ROS2_wear/install/setup.ps1'
[3.419s] INFO:colcon.colcon_core.shell:Creating prefix script '/home/yuxuan/ros2_ws/src/ROS2_wear/install/local_setup.sh'
[3.421s] INFO:colcon.colcon_core.shell:Creating prefix util module '/home/yuxuan/ros2_ws/src/ROS2_wear/install/_local_setup_util_sh.py'
[3.423s] INFO:colcon.colcon_core.shell:Creating prefix chain script '/home/yuxuan/ros2_ws/src/ROS2_wear/install/setup.sh'
[3.426s] INFO:colcon.colcon_core.shell:Creating prefix script '/home/yuxuan/ros2_ws/src/ROS2_wear/install/local_setup.bash'
[3.429s] INFO:colcon.colcon_core.shell:Creating prefix chain script '/home/yuxuan/ros2_ws/src/ROS2_wear/install/setup.bash'
[3.431s] INFO:colcon.colcon_core.shell:Creating prefix script '/home/yuxuan/ros2_ws/src/ROS2_wear/install/local_setup.zsh'
[3.434s] INFO:colcon.colcon_core.shell:Creating prefix chain script '/home/yuxuan/ros2_ws/src/ROS2_wear/install/setup.zsh'
