running egg_info
creating build/ROS2_wear/ROS2_wear.egg-info
writing build/ROS2_wear/ROS2_wear.egg-info/PKG-INFO
writing dependency_links to build/ROS2_wear/ROS2_wear.egg-info/dependency_links.txt
writing entry points to build/ROS2_wear/ROS2_wear.egg-info/entry_points.txt
writing requirements to build/ROS2_wear/ROS2_wear.egg-info/requires.txt
writing top-level names to build/ROS2_wear/ROS2_wear.egg-info/top_level.txt
writing manifest file 'build/ROS2_wear/ROS2_wear.egg-info/SOURCES.txt'
reading manifest file 'build/ROS2_wear/ROS2_wear.egg-info/SOURCES.txt'
adding license file 'LICENSE'
writing manifest file 'build/ROS2_wear/ROS2_wear.egg-info/SOURCES.txt'
running build
running build_py
creating /home/yuxuan/ros2_ws/src/ROS2_wear/build/ROS2_wear/build
creating /home/yuxuan/ros2_ws/src/ROS2_wear/build/ROS2_wear/build/lib
creating /home/yuxuan/ros2_ws/src/ROS2_wear/build/ROS2_wear/build/lib/ROS2_wear
copying ROS2_wear/outfit_rules.py -> /home/yuxuan/ros2_ws/src/ROS2_wear/build/ROS2_wear/build/lib/ROS2_wear
copying ROS2_wear/outfit_suggester.py -> /home/yuxuan/ros2_ws/src/ROS2_wear/build/ROS2_wear/build/lib/ROS2_wear
copying ROS2_wear/__init__.py -> /home/yuxuan/ros2_ws/src/ROS2_wear/build/ROS2_wear/build/lib/ROS2_wear
copying ROS2_wear/temp_cli.py -> /home/yuxuan/ros2_ws/src/ROS2_wear/build/ROS2_wear/build/lib/ROS2_wear
running install
running install_lib
creating /home/yuxuan/ros2_ws/src/ROS2_wear/install/ROS2_wear/lib/python3.10/site-packages/ROS2_wear
copying /home/yuxuan/ros2_ws/src/ROS2_wear/build/ROS2_wear/build/lib/ROS2_wear/outfit_rules.py -> /home/yuxuan/ros2_ws/src/ROS2_wear/install/ROS2_wear/lib/python3.10/site-packages/ROS2_wear
copying /home/yuxuan/ros2_ws/src/ROS2_wear/build/ROS2_wear/build/lib/ROS2_wear/outfit_suggester.py -> /home/yuxuan/ros2_ws/src/ROS2_wear/install/ROS2_wear/lib/python3.10/site-packages/ROS2_wear
copying /home/yuxuan/ros2_ws/src/ROS2_wear/build/ROS2_wear/build/lib/ROS2_wear/__init__.py -> /home/yuxuan/ros2_ws/src/ROS2_wear/install/ROS2_wear/lib/python3.10/site-packages/ROS2_wear
copying /home/yuxuan/ros2_ws/src/ROS2_wear/build/ROS2_wear/build/lib/ROS2_wear/temp_cli.py -> /home/yuxuan/ros2_ws/src/ROS2_wear/install/ROS2_wear/lib/python3.10/site-packages/ROS2_wear
byte-compiling /home/yuxuan/ros2_ws/src/ROS2_wear/install/ROS2_wear/lib/python3.10/site-packages/ROS2_wear/outfit_rules.py to outfit_rules.cpython-310.pyc
byte-compiling /home/yuxuan/ros2_ws/src/ROS2_wear/install/ROS2_wear/lib/python3.10/site-packages/ROS2_wear/outfit_suggester.py to outfit_suggester.cpython-310.pyc
byte-compiling /home/yuxuan/ros2_ws/src/ROS2_wear/install/ROS2_wear/lib/python3.10/site-packages/ROS2_wear/__init__.py to __init__.cpython-310.pyc
byte-compiling /home/yuxuan/ros2_ws/src/ROS2_wear/install/ROS2_wear/lib/python3.10/site-packages/ROS2_wear/temp_cli.py to temp_cli.cpython-310.pyc
running install_data
creating /home/yuxuan/ros2_ws/src/ROS2_wear/install/ROS2_wear/share/ament_index
creating /home/yuxuan/ros2_ws/src/ROS2_wear/install/ROS2_wear/share/ament_index/resource_index
creating /home/yuxuan/ros2_ws/src/ROS2_wear/install/ROS2_wear/share/ament_index/resource_index/packages
copying resource/ROS2_wear -> /home/yuxuan/ros2_ws/src/ROS2_wear/install/ROS2_wear/share/ament_index/resource_index/packages
copying package.xml -> /home/yuxuan/ros2_ws/src/ROS2_wear/install/ROS2_wear/share/ROS2_wear
creating /home/yuxuan/ros2_ws/src/ROS2_wear/install/ROS2_wear/share/ROS2_wear/launch
copying launch/bringup.launch.py -> /home/yuxuan/ros2_ws/src/ROS2_wear/install/ROS2_wear/share/ROS2_wear/launch
running install_egg_info
Copying build/ROS2_wear/ROS2_wear.egg-info to /home/yuxuan/ros2_ws/src/ROS2_wear/install/ROS2_wear/lib/python3.10/site-packages/ROS2_wear-0.0.0-py3.10.egg-info
running install_scripts
Installing outfit_suggester script to /home/yuxuan/ros2_ws/src/ROS2_wear/install/ROS2_wear/lib/ROS2_wear
Installing temp_cli script to /home/yuxuan/ros2_ws/src/ROS2_wear/install/ROS2_wear/lib/ROS2_wear
writing list of installed files to '/home/yuxuan/ros2_ws/src/ROS2_wear/build/ROS2_wear/install.log'
