[1.146s] Invoking command in '/home/yuxuan/ros2_ws/src/ROS2_wear': PYTHONPATH=/home/yuxuan/ros2_ws/src/ROS2_wear/build/ROS2_wear/prefix_override:/usr/lib/python3/dist-packages/colcon_core/task/python/colcon_distutils_commands:/home/yuxuan/ros2_ws/src/ROS2_wear/install/ROS2_wear/lib/python3.10/site-packages:${PYTHONPATH} /usr/bin/python3 -W ignore:setup.py install is deprecated -W ignore:easy_install command is deprecated setup.py egg_info --egg-base build/ROS2_wear build --build-base /home/yuxuan/ros2_ws/src/ROS2_wear/build/ROS2_wear/build install --record /home/yuxuan/ros2_ws/src/ROS2_wear/build/ROS2_wear/install.log --single-version-externally-managed install_data
[1.509s] running egg_info
[1.510s] creating build/ROS2_wear/ROS2_wear.egg-info
[1.512s] writing build/ROS2_wear/ROS2_wear.egg-info/PKG-INFO
[1.513s] writing dependency_links to build/ROS2_wear/ROS2_wear.egg-info/dependency_links.txt
[1.524s] writing entry points to build/ROS2_wear/ROS2_wear.egg-info/entry_points.txt
[1.525s] writing requirements to build/ROS2_wear/ROS2_wear.egg-info/requires.txt
[1.525s] writing top-level names to build/ROS2_wear/ROS2_wear.egg-info/top_level.txt
[1.525s] writing manifest file 'build/ROS2_wear/ROS2_wear.egg-info/SOURCES.txt'
[1.529s] reading manifest file 'build/ROS2_wear/ROS2_wear.egg-info/SOURCES.txt'
[1.529s] adding license file 'LICENSE'
[1.530s] writing manifest file 'build/ROS2_wear/ROS2_wear.egg-info/SOURCES.txt'
[1.531s] running build
[1.531s] running build_py
[1.532s] creating /home/yuxuan/ros2_ws/src/ROS2_wear/build/ROS2_wear/build
[1.532s] creating /home/yuxuan/ros2_ws/src/ROS2_wear/build/ROS2_wear/build/lib
[1.533s] creating /home/yuxuan/ros2_ws/src/ROS2_wear/build/ROS2_wear/build/lib/ROS2_wear
[1.534s] copying ROS2_wear/outfit_rules.py -> /home/yuxuan/ros2_ws/src/ROS2_wear/build/ROS2_wear/build/lib/ROS2_wear
[1.535s] copying ROS2_wear/outfit_suggester.py -> /home/yuxuan/ros2_ws/src/ROS2_wear/build/ROS2_wear/build/lib/ROS2_wear
[1.537s] copying ROS2_wear/__init__.py -> /home/yuxuan/ros2_ws/src/ROS2_wear/build/ROS2_wear/build/lib/ROS2_wear
[1.537s] copying ROS2_wear/temp_cli.py -> /home/yuxuan/ros2_ws/src/ROS2_wear/build/ROS2_wear/build/lib/ROS2_wear
[1.538s] running install
[1.539s] running install_lib
[1.541s] creating /home/yuxuan/ros2_ws/src/ROS2_wear/install/ROS2_wear/lib/python3.10/site-packages/ROS2_wear
[1.543s] copying /home/yuxuan/ros2_ws/src/ROS2_wear/build/ROS2_wear/build/lib/ROS2_wear/outfit_rules.py -> /home/yuxuan/ros2_ws/src/ROS2_wear/install/ROS2_wear/lib/python3.10/site-packages/ROS2_wear
[1.543s] copying /home/yuxuan/ros2_ws/src/ROS2_wear/build/ROS2_wear/build/lib/ROS2_wear/outfit_suggester.py -> /home/yuxuan/ros2_ws/src/ROS2_wear/install/ROS2_wear/lib/python3.10/site-packages/ROS2_wear
[1.544s] copying /home/yuxuan/ros2_ws/src/ROS2_wear/build/ROS2_wear/build/lib/ROS2_wear/__init__.py -> /home/yuxuan/ros2_ws/src/ROS2_wear/install/ROS2_wear/lib/python3.10/site-packages/ROS2_wear
[1.544s] copying /home/yuxuan/ros2_ws/src/ROS2_wear/build/ROS2_wear/build/lib/ROS2_wear/temp_cli.py -> /home/yuxuan/ros2_ws/src/ROS2_wear/install/ROS2_wear/lib/python3.10/site-packages/ROS2_wear
[1.545s] byte-compiling /home/yuxuan/ros2_ws/src/ROS2_wear/install/ROS2_wear/lib/python3.10/site-packages/ROS2_wear/outfit_rules.py to outfit_rules.cpython-310.pyc
[1.549s] byte-compiling /home/yuxuan/ros2_ws/src/ROS2_wear/install/ROS2_wear/lib/python3.10/site-packages/ROS2_wear/outfit_suggester.py to outfit_suggester.cpython-310.pyc
[1.551s] byte-compiling /home/yuxuan/ros2_ws/src/ROS2_wear/install/ROS2_wear/lib/python3.10/site-packages/ROS2_wear/__init__.py to __init__.cpython-310.pyc
[1.551s] byte-compiling /home/yuxuan/ros2_ws/src/ROS2_wear/install/ROS2_wear/lib/python3.10/site-packages/ROS2_wear/temp_cli.py to temp_cli.cpython-310.pyc
[1.553s] running install_data
[1.553s] creating /home/yuxuan/ros2_ws/src/ROS2_wear/install/ROS2_wear/share/ament_index
[1.554s] creating /home/yuxuan/ros2_ws/src/ROS2_wear/install/ROS2_wear/share/ament_index/resource_index
[1.555s] creating /home/yuxuan/ros2_ws/src/ROS2_wear/install/ROS2_wear/share/ament_index/resource_index/packages
[1.556s] copying resource/ROS2_wear -> /home/yuxuan/ros2_ws/src/ROS2_wear/install/ROS2_wear/share/ament_index/resource_index/packages
[1.557s] copying package.xml -> /home/yuxuan/ros2_ws/src/ROS2_wear/install/ROS2_wear/share/ROS2_wear
[1.557s] creating /home/yuxuan/ros2_ws/src/ROS2_wear/install/ROS2_wear/share/ROS2_wear/launch
[1.559s] copying launch/bringup.launch.py -> /home/yuxuan/ros2_ws/src/ROS2_wear/install/ROS2_wear/share/ROS2_wear/launch
[1.560s] running install_egg_info
[1.563s] Copying build/ROS2_wear/ROS2_wear.egg-info to /home/yuxuan/ros2_ws/src/ROS2_wear/install/ROS2_wear/lib/python3.10/site-packages/ROS2_wear-0.0.0-py3.10.egg-info
[1.569s] running install_scripts
[1.603s] Installing outfit_suggester script to /home/yuxuan/ros2_ws/src/ROS2_wear/install/ROS2_wear/lib/ROS2_wear
[1.605s] Installing temp_cli script to /home/yuxuan/ros2_ws/src/ROS2_wear/install/ROS2_wear/lib/ROS2_wear
[1.606s] writing list of installed files to '/home/yuxuan/ros2_ws/src/ROS2_wear/build/ROS2_wear/install.log'
[1.660s] Invoked command in '/home/yuxuan/ros2_ws/src/ROS2_wear' returned '0': PYTHONPATH=/home/yuxuan/ros2_ws/src/ROS2_wear/build/ROS2_wear/prefix_override:/usr/lib/python3/dist-packages/colcon_core/task/python/colcon_distutils_commands:/home/yuxuan/ros2_ws/src/ROS2_wear/install/ROS2_wear/lib/python3.10/site-packages:${PYTHONPATH} /usr/bin/python3 -W ignore:setup.py install is deprecated -W ignore:easy_install command is deprecated setup.py egg_info --egg-base build/ROS2_wear build --build-base /home/yuxuan/ros2_ws/src/ROS2_wear/build/ROS2_wear/build install --record /home/yuxuan/ros2_ws/src/ROS2_wear/build/ROS2_wear/install.log --single-version-externally-managed install_data
