[1.270s] Invoking command in '/home/yuxuan/ros2_ws/src/ROS2_wear': PYTHONPATH=/home/yuxuan/ros2_ws/src/ROS2_wear/build/ROS2_wear/prefix_override:/usr/lib/python3/dist-packages/colcon_core/task/python/colcon_distutils_commands:/home/yuxuan/ros2_ws/src/ROS2_wear/install/ROS2_wear/lib/python3.10/site-packages:${PYTHONPATH} /usr/bin/python3 -W ignore:setup.py install is deprecated -W ignore:easy_install command is deprecated setup.py egg_info --egg-base build/ROS2_wear build --build-base /home/yuxuan/ros2_ws/src/ROS2_wear/build/ROS2_wear/build install --record /home/yuxuan/ros2_ws/src/ROS2_wear/build/ROS2_wear/install.log --single-version-externally-managed install_data
[1.638s] running egg_info
[1.640s] creating build/ROS2_wear/ROS2_wear.egg-info
[1.645s] writing build/ROS2_wear/ROS2_wear.egg-info/PKG-INFO
[1.647s] writing dependency_links to build/ROS2_wear/ROS2_wear.egg-info/dependency_links.txt
[1.648s] writing entry points to build/ROS2_wear/ROS2_wear.egg-info/entry_points.txt
[1.648s] writing requirements to build/ROS2_wear/ROS2_wear.egg-info/requires.txt
[1.648s] writing top-level names to build/ROS2_wear/ROS2_wear.egg-info/top_level.txt
[1.649s] writing manifest file 'build/ROS2_wear/ROS2_wear.egg-info/SOURCES.txt'
[1.652s] reading manifest file 'build/ROS2_wear/ROS2_wear.egg-info/SOURCES.txt'
[1.652s] adding license file 'LICENSE'
[1.653s] writing manifest file 'build/ROS2_wear/ROS2_wear.egg-info/SOURCES.txt'
[1.654s] running build
[1.654s] running build_py
[1.655s] creating /home/yuxuan/ros2_ws/src/ROS2_wear/build/ROS2_wear/build
[1.656s] creating /home/yuxuan/ros2_ws/src/ROS2_wear/build/ROS2_wear/build/lib
[1.657s] creating /home/yuxuan/ros2_ws/src/ROS2_wear/build/ROS2_wear/build/lib/ROS2_wear
[1.658s] copying ROS2_wear/outfit_rules.py -> /home/yuxuan/ros2_ws/src/ROS2_wear/build/ROS2_wear/build/lib/ROS2_wear
[1.659s] copying ROS2_wear/outfit_suggester.py -> /home/yuxuan/ros2_ws/src/ROS2_wear/build/ROS2_wear/build/lib/ROS2_wear
[1.660s] copying ROS2_wear/__init__.py -> /home/yuxuan/ros2_ws/src/ROS2_wear/build/ROS2_wear/build/lib/ROS2_wear
[1.661s] copying ROS2_wear/temp_cli.py -> /home/yuxuan/ros2_ws/src/ROS2_wear/build/ROS2_wear/build/lib/ROS2_wear
[1.664s] running install
[1.664s] running install_lib
[1.666s] creating /home/yuxuan/ros2_ws/src/ROS2_wear/install/ROS2_wear/lib/python3.10/site-packages/ROS2_wear
[1.667s] copying /home/yuxuan/ros2_ws/src/ROS2_wear/build/ROS2_wear/build/lib/ROS2_wear/outfit_rules.py -> /home/yuxuan/ros2_ws/src/ROS2_wear/install/ROS2_wear/lib/python3.10/site-packages/ROS2_wear
[1.667s] copying /home/yuxuan/ros2_ws/src/ROS2_wear/build/ROS2_wear/build/lib/ROS2_wear/outfit_suggester.py -> /home/yuxuan/ros2_ws/src/ROS2_wear/install/ROS2_wear/lib/python3.10/site-packages/ROS2_wear
[1.668s] copying /home/yuxuan/ros2_ws/src/ROS2_wear/build/ROS2_wear/build/lib/ROS2_wear/__init__.py -> /home/yuxuan/ros2_ws/src/ROS2_wear/install/ROS2_wear/lib/python3.10/site-packages/ROS2_wear
[1.668s] copying /home/yuxuan/ros2_ws/src/ROS2_wear/build/ROS2_wear/build/lib/ROS2_wear/temp_cli.py -> /home/yuxuan/ros2_ws/src/ROS2_wear/install/ROS2_wear/lib/python3.10/site-packages/ROS2_wear
[1.670s] byte-compiling /home/yuxuan/ros2_ws/src/ROS2_wear/install/ROS2_wear/lib/python3.10/site-packages/ROS2_wear/outfit_rules.py to outfit_rules.cpython-310.pyc
[1.673s] byte-compiling /home/yuxuan/ros2_ws/src/ROS2_wear/install/ROS2_wear/lib/python3.10/site-packages/ROS2_wear/outfit_suggester.py to outfit_suggester.cpython-310.pyc
[1.674s] byte-compiling /home/yuxuan/ros2_ws/src/ROS2_wear/install/ROS2_wear/lib/python3.10/site-packages/ROS2_wear/__init__.py to __init__.cpython-310.pyc
[1.674s] byte-compiling /home/yuxuan/ros2_ws/src/ROS2_wear/install/ROS2_wear/lib/python3.10/site-packages/ROS2_wear/temp_cli.py to temp_cli.cpython-310.pyc
[1.676s] running install_data
[1.676s] creating /home/yuxuan/ros2_ws/src/ROS2_wear/install/ROS2_wear/share/ament_index
[1.678s] creating /home/yuxuan/ros2_ws/src/ROS2_wear/install/ROS2_wear/share/ament_index/resource_index
[1.679s] creating /home/yuxuan/ros2_ws/src/ROS2_wear/install/ROS2_wear/share/ament_index/resource_index/packages
[1.681s] copying resource/ROS2_wear -> /home/yuxuan/ros2_ws/src/ROS2_wear/install/ROS2_wear/share/ament_index/resource_index/packages
[1.681s] copying package.xml -> /home/yuxuan/ros2_ws/src/ROS2_wear/install/ROS2_wear/share/ROS2_wear
[1.681s] creating /home/yuxuan/ros2_ws/src/ROS2_wear/install/ROS2_wear/share/ROS2_wear/launch
[1.682s] copying launch/bringup.launch.py -> /home/yuxuan/ros2_ws/src/ROS2_wear/install/ROS2_wear/share/ROS2_wear/launch
[1.683s] running install_egg_info
[1.687s] Copying build/ROS2_wear/ROS2_wear.egg-info to /home/yuxuan/ros2_ws/src/ROS2_wear/install/ROS2_wear/lib/python3.10/site-packages/ROS2_wear-0.0.0-py3.10.egg-info
[1.691s] running install_scripts
[1.730s] Installing outfit_suggester script to /home/yuxuan/ros2_ws/src/ROS2_wear/install/ROS2_wear/lib/ROS2_wear
[1.731s] Installing temp_cli script to /home/yuxuan/ros2_ws/src/ROS2_wear/install/ROS2_wear/lib/ROS2_wear
[1.734s] writing list of installed files to '/home/yuxuan/ros2_ws/src/ROS2_wear/build/ROS2_wear/install.log'
[1.787s] Invoked command in '/home/yuxuan/ros2_ws/src/ROS2_wear' returned '0': PYTHONPATH=/home/yuxuan/ros2_ws/src/ROS2_wear/build/ROS2_wear/prefix_override:/usr/lib/python3/dist-packages/colcon_core/task/python/colcon_distutils_commands:/home/yuxuan/ros2_ws/src/ROS2_wear/install/ROS2_wear/lib/python3.10/site-packages:${PYTHONPATH} /usr/bin/python3 -W ignore:setup.py install is deprecated -W ignore:easy_install command is deprecated setup.py egg_info --egg-base build/ROS2_wear build --build-base /home/yuxuan/ros2_ws/src/ROS2_wear/build/ROS2_wear/build install --record /home/yuxuan/ros2_ws/src/ROS2_wear/build/ROS2_wear/install.log --single-version-externally-managed install_data
